Test Execution Report
======================
Starting API Tests...
API Response: {"accessToken":"eyJhbGciOiJIUzI1NiIsInR5cCI6IkpXVCJ9.eyJpZCI6MSwidXNlcm5hbWUiOiJlbWlseXMiLCJlbWFpbCI6ImVtaWx5LmpvaG5zb25AeC5kdW1teWpzb24uY29tIiwiZmlyc3ROYW1lIjoiRW1pbHkiLCJsYXN0TmFtZSI6IkpvaG5zb24iLCJnZW5kZXIiOiJmZW1hbGUiLCJpbWFnZSI6Imh0dHBzOi8vZHVtbXlqc29uLmNvbS9pY29uL2VtaWx5cy8xMjgiLCJpYXQiOjE3NDE0MzQyNjksImV4cCI6MTc0MTQzNjA2OX0.7PZcNDZvHuJauVlglVagZleU1RryxG_sVNWp7ZKzHco","refreshToken":"eyJhbGciOiJIUzI1NiIsInR5cCI6IkpXVCJ9.eyJpZCI6MSwidXNlcm5hbWUiOiJlbWlseXMiLCJlbWFpbCI6ImVtaWx5LmpvaG5zb25AeC5kdW1teWpzb24uY29tIiwiZmlyc3ROYW1lIjoiRW1pbHkiLCJsYXN0TmFtZSI6IkpvaG5zb24iLCJnZW5kZXIiOiJmZW1hbGUiLCJpbWFnZSI6Imh0dHBzOi8vZHVtbXlqc29uLmNvbS9pY29uL2VtaWx5cy8xMjgiLCJpYXQiOjE3NDE0MzQyNjksImV4cCI6MTc0NDAyNjI2OX0.SWEpA1i_LupzJ1bo3BdOxsU4GwemExLXXHDTol9XgE8","id":1,"username":"emilys","email":"emily.johnson@x.dummyjson.com","firstName":"Emily","lastName":"Johnson","gender":"female","image":"https://dummyjson.com/icon/emilys/128"}
API Test Passed: Access Token received.
